main.field_fn_result=3
main.field_ref_fn_result=3
main.field_ref_result=3
main.updated_value=[1, 0, 0, 0, 4, 0, 0, 0, 5, 0, 0, 0]