main.aliased_value=2
main.buffer_bool=1
main.set_f32=2
main.set_from_local_var=3
main.set_i32=3