error: could not find `undefined` value
 --> ./cases_invalid/assignments/undefined_assignees/main.shd:4:5
  |
4 |     undefined = value;
  |     ^^^^^^^^^ undefined identifier
  |
