main.result_add_operator=6
main.result_add_renamed=6
main.result_add_same_name=6