main.called_main_fn=1
main.child_const_value=2
main.field_value=2
main.main_buffer=1
main.main_const_value=6
main.pub_struct_value=[3, 0, 0, 0]
main.root_const_value=5
nested.child.called_child_fn=1
nested.child.called_main_fn=0
nested.child.child_buffer=2
nested.child.main_buffer=0
root.called_child_fn=0
root.called_main_fn=0
root.called_root_fn=1
root.child_buffer=0
root.main_buffer=0
root.root_buffer=3
root.struct_value=[2, 0, 0, 0]
state.state=5