main.assignment_result=22
main.expr_copy_result=12
main.expr_copy_source=2
main.expr_result=12
main.expr_source=12
main.returned_ref_as_param_result=22